../Core/Src/main.c:272:14:charToHex	16	static
../Core/Src/main.c:323:19:printToMonitor	56	static
../Core/Src/main.c:336:19:sensor_init	32	static
../Core/Src/main.c:365:19:getSensorValue	48	static
../Core/Src/main.c:399:19:getGpsData	288	static
../Core/Src/main.c:425:6:ram_init	8	static
../Core/Src/main.c:433:6:ram_write_split	24	static
../Core/Src/main.c:449:9:ram_read_split	24	static
../Core/Src/main.c:471:19:cam_config	48	static
../Core/Src/main.c:506:6:esp_tx	24	static
../Core/Src/main.c:512:9:esp_rx	16	static
../Core/Src/main.c:518:6:cam_pic	88	static
../Core/Src/main.c:610:5:main	224	static
../Core/Src/main.c:807:6:SystemClock_Config	112	static
../Core/Src/main.c:859:13:MX_I2C1_Init	8	static
../Core/Src/main.c:907:13:MX_LPUART1_UART_Init	8	static
../Core/Src/main.c:941:13:MX_USART2_UART_Init	8	static
../Core/Src/main.c:976:13:MX_SPI1_Init	8	static
../Core/Src/main.c:1014:13:MX_GPIO_Init	48	static
../Core/Src/main.c:1048:6:Error_Handler	8	static,ignoring_inline_asm
